Archive member included to satisfy reference by file (symbol)

c:/st/stm32cubeide_1.7.0/stm32cubeide/plugins/com.st.stm32cube.ide.mcu.externaltools.gnu-tools-for-stm32.9-2020-q2-update.win32_2.0.0.202105311346/tools/bin/../lib/gcc/arm-none-eabi/9.3.1/../../../../arm-none-eabi/lib/thumb/v6-m/nofp\libc_nano.a(lib_a-errno.o)
                              ./Core/Src/syscalls.o (__errno)
c:/st/stm32cubeide_1.7.0/stm32cubeide/plugins/com.st.stm32cube.ide.mcu.externaltools.gnu-tools-for-stm32.9-2020-q2-update.win32_2.0.0.202105311346/tools/bin/../lib/gcc/arm-none-eabi/9.3.1/../../../../arm-none-eabi/lib/thumb/v6-m/nofp\libc_nano.a(lib_a-exit.o)
                              c:/st/stm32cubeide_1.7.0/stm32cubeide/plugins/com.st.stm32cube.ide.mcu.externaltools.gnu-tools-for-stm32.9-2020-q2-update.win32_2.0.0.202105311346/tools/bin/../lib/gcc/arm-none-eabi/9.3.1/../../../../arm-none-eabi/lib/thumb/v6-m/nofp/crt0.o (exit)
c:/st/stm32cubeide_1.7.0/stm32cubeide/plugins/com.st.stm32cube.ide.mcu.externaltools.gnu-tools-for-stm32.9-2020-q2-update.win32_2.0.0.202105311346/tools/bin/../lib/gcc/arm-none-eabi/9.3.1/../../../../arm-none-eabi/lib/thumb/v6-m/nofp\libc_nano.a(lib_a-impure.o)
                              c:/st/stm32cubeide_1.7.0/stm32cubeide/plugins/com.st.stm32cube.ide.mcu.externaltools.gnu-tools-for-stm32.9-2020-q2-update.win32_2.0.0.202105311346/tools/bin/../lib/gcc/arm-none-eabi/9.3.1/../../../../arm-none-eabi/lib/thumb/v6-m/nofp\libc_nano.a(lib_a-exit.o) (_global_impure_ptr)
c:/st/stm32cubeide_1.7.0/stm32cubeide/plugins/com.st.stm32cube.ide.mcu.externaltools.gnu-tools-for-stm32.9-2020-q2-update.win32_2.0.0.202105311346/tools/bin/../lib/gcc/arm-none-eabi/9.3.1/../../../../arm-none-eabi/lib/thumb/v6-m/nofp\libc_nano.a(lib_a-init.o)
                              c:/st/stm32cubeide_1.7.0/stm32cubeide/plugins/com.st.stm32cube.ide.mcu.externaltools.gnu-tools-for-stm32.9-2020-q2-update.win32_2.0.0.202105311346/tools/bin/../lib/gcc/arm-none-eabi/9.3.1/../../../../arm-none-eabi/lib/thumb/v6-m/nofp/crt0.o (__libc_init_array)
c:/st/stm32cubeide_1.7.0/stm32cubeide/plugins/com.st.stm32cube.ide.mcu.externaltools.gnu-tools-for-stm32.9-2020-q2-update.win32_2.0.0.202105311346/tools/bin/../lib/gcc/arm-none-eabi/9.3.1/../../../../arm-none-eabi/lib/thumb/v6-m/nofp\libc_nano.a(lib_a-malloc.o)
                              ./Core/Src/main.o (malloc)
c:/st/stm32cubeide_1.7.0/stm32cubeide/plugins/com.st.stm32cube.ide.mcu.externaltools.gnu-tools-for-stm32.9-2020-q2-update.win32_2.0.0.202105311346/tools/bin/../lib/gcc/arm-none-eabi/9.3.1/../../../../arm-none-eabi/lib/thumb/v6-m/nofp\libc_nano.a(lib_a-memset.o)
                              c:/st/stm32cubeide_1.7.0/stm32cubeide/plugins/com.st.stm32cube.ide.mcu.externaltools.gnu-tools-for-stm32.9-2020-q2-update.win32_2.0.0.202105311346/tools/bin/../lib/gcc/arm-none-eabi/9.3.1/../../../../arm-none-eabi/lib/thumb/v6-m/nofp/crt0.o (memset)
c:/st/stm32cubeide_1.7.0/stm32cubeide/plugins/com.st.stm32cube.ide.mcu.externaltools.gnu-tools-for-stm32.9-2020-q2-update.win32_2.0.0.202105311346/tools/bin/../lib/gcc/arm-none-eabi/9.3.1/../../../../arm-none-eabi/lib/thumb/v6-m/nofp\libc_nano.a(lib_a-nano-freer.o)
                              c:/st/stm32cubeide_1.7.0/stm32cubeide/plugins/com.st.stm32cube.ide.mcu.externaltools.gnu-tools-for-stm32.9-2020-q2-update.win32_2.0.0.202105311346/tools/bin/../lib/gcc/arm-none-eabi/9.3.1/../../../../arm-none-eabi/lib/thumb/v6-m/nofp\libc_nano.a(lib_a-malloc.o) (_free_r)
c:/st/stm32cubeide_1.7.0/stm32cubeide/plugins/com.st.stm32cube.ide.mcu.externaltools.gnu-tools-for-stm32.9-2020-q2-update.win32_2.0.0.202105311346/tools/bin/../lib/gcc/arm-none-eabi/9.3.1/../../../../arm-none-eabi/lib/thumb/v6-m/nofp\libc_nano.a(lib_a-nano-mallocr.o)
                              c:/st/stm32cubeide_1.7.0/stm32cubeide/plugins/com.st.stm32cube.ide.mcu.externaltools.gnu-tools-for-stm32.9-2020-q2-update.win32_2.0.0.202105311346/tools/bin/../lib/gcc/arm-none-eabi/9.3.1/../../../../arm-none-eabi/lib/thumb/v6-m/nofp\libc_nano.a(lib_a-malloc.o) (_malloc_r)
c:/st/stm32cubeide_1.7.0/stm32cubeide/plugins/com.st.stm32cube.ide.mcu.externaltools.gnu-tools-for-stm32.9-2020-q2-update.win32_2.0.0.202105311346/tools/bin/../lib/gcc/arm-none-eabi/9.3.1/../../../../arm-none-eabi/lib/thumb/v6-m/nofp\libc_nano.a(lib_a-sbrkr.o)
                              c:/st/stm32cubeide_1.7.0/stm32cubeide/plugins/com.st.stm32cube.ide.mcu.externaltools.gnu-tools-for-stm32.9-2020-q2-update.win32_2.0.0.202105311346/tools/bin/../lib/gcc/arm-none-eabi/9.3.1/../../../../arm-none-eabi/lib/thumb/v6-m/nofp\libc_nano.a(lib_a-nano-mallocr.o) (_sbrk_r)
c:/st/stm32cubeide_1.7.0/stm32cubeide/plugins/com.st.stm32cube.ide.mcu.externaltools.gnu-tools-for-stm32.9-2020-q2-update.win32_2.0.0.202105311346/tools/bin/../lib/gcc/arm-none-eabi/9.3.1/../../../../arm-none-eabi/lib/thumb/v6-m/nofp\libc_nano.a(lib_a-mlock.o)
[...]
Memory Configuration

Name             Origin             Length             Attributes
RAM              0x0000000020000000 0x0000000000002000 xrw
FLASH            0x0000000008000000 0x0000000000010000 xr
*default*        0x0000000000000000 0xffffffffffffffff

Linker script and memory map

LOAD c:/st/stm32cubeide_1.7.0/stm32cubeide/plugins/com.st.stm32cube.ide.mcu.externaltools.gnu-tools-for-stm32.9-2020-q2-update.win32_2.0.0.202105311346/tools/bin/../lib/gcc/arm-none-eabi/9.3.1/thumb/v6-m/nofp/crti.o
LOAD c:/st/stm32cubeide_1.7.0/stm32cubeide/plugins/com.st.stm32cube.ide.mcu.externaltools.gnu-tools-for-stm32.9-2020-q2-update.win32_2.0.0.202105311346/tools/bin/../lib/gcc/arm-none-eabi/9.3.1/thumb/v6-m/nofp/crtbegin.o
LOAD c:/st/stm32cubeide_1.7.0/stm32cubeide/plugins/com.st.stm32cube.ide.mcu.externaltools.gnu-tools-for-stm32.9-2020-q2-update.win32_2.0.0.202105311346/tools/bin/../lib/gcc/arm-none-eabi/9.3.1/../../../../arm-none-eabi/lib/thumb/v6-m/nofp/crt0.o
LOAD ./Core/Src/lc512driver.o
LOAD ./Core/Src/main.o
LOAD ./Core/Src/stm32g0xx_hal_msp.o
LOAD ./Core/Src/stm32g0xx_it.o
LOAD ./Core/Src/syscalls.o
LOAD ./Core/Src/sysmem.o
LOAD ./Core/Src/system_stm32g0xx.o
LOAD ./Core/Startup/startup_stm32g031k8tx.o
LOAD ./Drivers/STM32G0xx_HAL_Driver/Src/stm32g0xx_hal.o
LOAD ./Drivers/STM32G0xx_HAL_Driver/Src/stm32g0xx_hal_cortex.o
LOAD ./Drivers/STM32G0xx_HAL_Driver/Src/stm32g0xx_hal_dma.o
LOAD ./Drivers/STM32G0xx_HAL_Driver/Src/stm32g0xx_hal_dma_ex.o
LOAD ./Drivers/STM32G0xx_HAL_Driver/Src/stm32g0xx_hal_exti.o
LOAD ./Drivers/STM32G0xx_HAL_Driver/Src/stm32g0xx_hal_flash.o
LOAD ./Drivers/STM32G0xx_HAL_Driver/Src/stm32g0xx_hal_flash_ex.o
LOAD ./Drivers/STM32G0xx_HAL_Driver/Src/stm32g0xx_hal_gpio.o
LOAD ./Drivers/STM32G0xx_HAL_Driver/Src/stm32g0xx_hal_pwr.o
LOAD ./Drivers/STM32G0xx_HAL_Driver/Src/stm32g0xx_hal_pwr_ex.o
LOAD ./Drivers/STM32G0xx_HAL_Driver/Src/stm32g0xx_hal_rcc.o
LOAD ./Drivers/STM32G0xx_HAL_Driver/Src/stm32g0xx_hal_rcc_ex.o
LOAD ./Drivers/STM32G0xx_HAL_Driver/Src/stm32g0xx_hal_tim.o
LOAD ./Drivers/STM32G0xx_HAL_Driver/Src/stm32g0xx_hal_tim_ex.o
LOAD ./Drivers/STM32G0xx_HAL_Driver/Src/stm32g0xx_ll_dma.o
LOAD ./Drivers/STM32G0xx_HAL_Driver/Src/stm32g0xx_ll_rcc.o
START GROUP
LOAD c:/st/stm32cubeide_1.7.0/stm32cubeide/plugins/com.st.stm32cube.ide.mcu.externaltools.gnu-tools-for-stm32.9-2020-q2-update.win32_2.0.0.202105311346/tools/bin/../lib/gcc/arm-none-eabi/9.3.1/../../../../arm-none-eabi/lib/thumb/v6-m/nofp\libc_nano.a
LOAD c:/st/stm32cubeide_1.7.0/stm32cubeide/plugins/com.st.stm32cube.ide.mcu.externaltools.gnu-tools-for-stm32.9-2020-q2-update.win32_2.0.0.202105311346/tools/bin/../lib/gcc/arm-none-eabi/9.3.1/../../../../arm-none-eabi/lib/thumb/v6-m/nofp\libm.a
END GROUP
START GROUP
LOAD c:/st/stm32cubeide_1.7.0/stm32cubeide/plugins/com.st.stm32cube.ide.mcu.externaltools.gnu-tools-for-stm32.9-2020-q2-update.win32_2.0.0.202105311346/tools/bin/../lib/gcc/arm-none-eabi/9.3.1/thumb/v6-m/nofp\libgcc.a
LOAD c:/st/stm32cubeide_1.7.0/stm32cubeide/plugins/com.st.stm32cube.ide.mcu.externaltools.gnu-tools-for-stm32.9-2020-q2-update.win32_2.0.0.202105311346/tools/bin/../lib/gcc/arm-none-eabi/9.3.1/../../../../arm-none-eabi/lib/thumb/v6-m/nofp\libc_nano.a
END GROUP
START GROUP
LOAD c:/st/stm32cubeide_1.7.0/stm32cubeide/plugins/com.st.stm32cube.ide.mcu.externaltools.gnu-tools-for-stm32.9-2020-q2-update.win32_2.0.0.202105311346/tools/bin/../lib/gcc/arm-none-eabi/9.3.1/thumb/v6-m/nofp\libgcc.a
LOAD c:/st/stm32cubeide_1.7.0/stm32cubeide/plugins/com.st.stm32cube.ide.mcu.externaltools.gnu-tools-for-stm32.9-2020-q2-update.win32_2.0.0.202105311346/tools/bin/../lib/gcc/arm-none-eabi/9.3.1/../../../../arm-none-eabi/lib/thumb/v6-m/nofp\libc_nano.a
LOAD c:/st/stm32cubeide_1.7.0/stm32cubeide/plugins/com.st.stm32cube.ide.mcu.externaltools.gnu-tools-for-stm32.9-2020-q2-update.win32_2.0.0.202105311346/tools/bin/../lib/gcc/arm-none-eabi/9.3.1/../../../../arm-none-eabi/lib/thumb/v6-m/nofp\libnosys.a
END GROUP
START GROUP
LOAD c:/st/stm32cubeide_1.7.0/stm32cubeide/plugins/com.st.stm32cube.ide.mcu.externaltools.gnu-tools-for-stm32.9-2020-q2-update.win32_2.0.0.202105311346/tools/bin/../lib/gcc/arm-none-eabi/9.3.1/thumb/v6-m/nofp\libgcc.a
LOAD c:/st/stm32cubeide_1.7.0/stm32cubeide/plugins/com.st.stm32cube.ide.mcu.externaltools.gnu-tools-for-stm32.9-2020-q2-update.win32_2.0.0.202105311346/tools/bin/../lib/gcc/arm-none-eabi/9.3.1/../../../../arm-none-eabi/lib/thumb/v6-m/nofp\libc_nano.a
LOAD c:/st/stm32cubeide_1.7.0/stm32cubeide/plugins/com.st.stm32cube.ide.mcu.externaltools.gnu-tools-for-stm32.9-2020-q2-update.win32_2.0.0.202105311346/tools/bin/../lib/gcc/arm-none-eabi/9.3.1/../../../../arm-none-eabi/lib/thumb/v6-m/nofp\libnosys.a
END GROUP
LOAD c:/st/stm32cubeide_1.7.0/stm32cubeide/plugins/com.st.stm32cube.ide.mcu.externaltools.gnu-tools-for-stm32.9-2020-q2-update.win32_2.0.0.202105311346/tools/bin/../lib/gcc/arm-none-eabi/9.3.1/thumb/v6-m/nofp/crtend.o
LOAD c:/st/stm32cubeide_1.7.0/stm32cubeide/plugins/com.st.stm32cube.ide.mcu.externaltools.gnu-tools-for-stm32.9-2020-q2-update.win32_2.0.0.202105311346/tools/bin/../lib/gcc/arm-none-eabi/9.3.1/thumb/v6-m/nofp/crtn.o
                0x0000000020002000                _estack = (ORIGIN (RAM) + LENGTH (RAM))
                0x0000000000000200                _Min_Heap_Size = 0x200
                0x0000000000000400                _Min_Stack_Size = 0x400

.isr_vector     0x0000000008000000       0xbc
                0x0000000008000000                . = ALIGN (0x4)
 *(.isr_vector)
 .isr_vector    0x0000000008000000       0xbc ./Core/Startup/startup_stm32g031k8tx.o
                0x0000000008000000                g_pfnVectors
                0x00000000080000bc                . = ALIGN (0x4)

.text           0x00000000080000bc     0x1d90
                0x00000000080000bc                . = ALIGN (0x4)
 *(.text)
 .text          0x00000000080000bc       0x48 c:/st/stm32cubeide_1.7.0/stm32cubeide/plugins/com.st.stm32cube.ide.mcu.externaltools.gnu-tools-for-stm32.9-2020-q2-update.win32_2.0.0.202105311346/tools/bin/../lib/gcc/arm-none-eabi/9.3.1/thumb/v6-m/nofp/crtbegin.o
 *(.text*)
 .text.__NVIC_EnableIRQ
                0x0000000008000104       0x34 ./Core/Src/lc512driver.o
 .text.__NVIC_SetPriority
                0x0000000008000138       0xdc ./Core/Src/lc512driver.o
 .text.INIT_EEPROM_512
                0x0000000008000214      0x118 ./Core/Src/lc512driver.o
                0x0000000008000214                INIT_EEPROM_512
 .text.WriteMultipleByte
                0x000000000800032c       0xf4 ./Core/Src/lc512driver.o
                0x000000000800032c                WriteMultipleByte
 .text.ReadMultipleByte
                0x0000000008000420      0x148 ./Core/Src/lc512driver.o
                0x0000000008000420                ReadMultipleByte
 .text.__NVIC_EnableIRQ
                0x0000000008000568       0x34 ./Core/Src/main.o
 .text.__NVIC_SetPriority
                0x000000000800059c       0xdc ./Core/Src/main.o
 .text.SetSegmentA
                0x0000000008000678       0x30 ./Core/Src/main.o
                0x0000000008000678                SetSegmentA
 .text.SetSegmentB
                0x00000000080006a8       0x30 ./Core/Src/main.o
                0x00000000080006a8                SetSegmentB
 .text.SetSegmentC
                0x00000000080006d8       0x30 ./Core/Src/main.o
                0x00000000080006d8                SetSegmentC
 .text.SetSegmentD
                0x0000000008000708       0x30 ./Core/Src/main.o
                0x0000000008000708                SetSegmentD
 .text.SetSegmentE
                0x0000000008000738       0x30 ./Core/Src/main.o
                0x0000000008000738                SetSegmentE
 .text.SetSegmentF
                0x0000000008000768       0x30 ./Core/Src/main.o
                0x0000000008000768                SetSegmentF
 .text.SetSegmentG
                0x0000000008000798       0x30 ./Core/Src/main.o
                0x0000000008000798                SetSegmentG
 .text.SetNumberZero
                0x00000000080007c8       0x22 ./Core/Src/main.o
                0x00000000080007c8                SetNumberZero
 .text.SetNumberOne
                0x00000000080007ea       0x12 ./Core/Src/main.o
                0x00000000080007ea                SetNumberOne
 .text.SetNumberTwo
                0x00000000080007fc       0x1e ./Core/Src/main.o
                0x00000000080007fc                SetNumberTwo
 .text.SetNumberThree
                0x000000000800081a       0x1e ./Core/Src/main.o
                0x000000000800081a                SetNumberThree
 .text.SetNumberFour
                0x0000000008000838       0x1a ./Core/Src/main.o
                0x0000000008000838                SetNumberFour
 .text.SetNumberFive
                0x0000000008000852       0x1e ./Core/Src/main.o
                0x0000000008000852                SetNumberFive
 .text.SetNumberSix
                0x0000000008000870       0x22 ./Core/Src/main.o
                0x0000000008000870                SetNumberSix
 .text.SetNumberSeven
                0x0000000008000892       0x16 ./Core/Src/main.o
                0x0000000008000892                SetNumberSeven
 .text.SetNumberEight
                0x00000000080008a8       0x26 ./Core/Src/main.o
                0x00000000080008a8                SetNumberEight
 .text.SetNumberNine
                0x00000000080008ce       0x22 ./Core/Src/main.o
                0x00000000080008ce                SetNumberNine
 .text.SetLetterA
                0x00000000080008f0       0x22 ./Core/Src/main.o
                0x00000000080008f0                SetLetterA
 .text.SetLetterB
                0x0000000008000912       0x1e ./Core/Src/main.o
                0x0000000008000912                SetLetterB
 .text.SetLetterC
                0x0000000008000930       0x16 ./Core/Src/main.o
                0x0000000008000930                SetLetterC
 .text.SetLetterD
                0x0000000008000946       0x1e ./Core/Src/main.o
                0x0000000008000946                SetLetterD
 .text.SetLetterE
                0x0000000008000964       0x1e ./Core/Src/main.o
                0x0000000008000964                SetLetterE
 .text.SetLetterI
                0x0000000008000982       0x12 ./Core/Src/main.o
                0x0000000008000982                SetLetterI
 .text.SetLetterN
                0x0000000008000994       0x16 ./Core/Src/main.o
                0x0000000008000994                SetLetterN
 .text.SetLetterV
                0x00000000080009aa       0x16 ./Core/Src/main.o
                0x00000000080009aa                SetLetterV
 .text.SetLetterO
                0x00000000080009c0       0x1a ./Core/Src/main.o
                0x00000000080009c0                SetLetterO
 .text.SetLetterU
                0x00000000080009da       0x1e ./Core/Src/main.o
                0x00000000080009da                SetLetterU
 .text.SetLetterF
                0x00000000080009f8       0x1a ./Core/Src/main.o
                0x00000000080009f8                SetLetterF
 .text.SetLetterL
                0x0000000008000a12       0x16 ./Core/Src/main.o
                0x0000000008000a12                SetLetterL
 .text.SetLetterP
                0x0000000008000a28       0x1e ./Core/Src/main.o
                0x0000000008000a28                SetLetterP
 .text.SetLetterR
                0x0000000008000a46       0x12 ./Core/Src/main.o
                0x0000000008000a46                SetLetterR
 .text.TurnBeginning
                0x0000000008000a58       0x64 ./Core/Src/main.o
                0x0000000008000a58                TurnBeginning
 .text.ShiftDigit
                0x0000000008000abc       0x70 ./Core/Src/main.o
                0x0000000008000abc                ShiftDigit
 .text.DisplayChar
                0x0000000008000b2c       0xc0 ./Core/Src/main.o
                0x0000000008000b2c                DisplayChar
 .text.IntToChar
                0x0000000008000bec       0x58 ./Core/Src/main.o
                0x0000000008000bec                IntToChar
 .text.ResetDisplay
                0x0000000008000c44       0x78 ./Core/Src/main.o
                0x0000000008000c44                ResetDisplay
 .text.delay    0x0000000008000cbc       0x20 ./Core/Src/main.o
                0x0000000008000cbc                delay
 .text.clearRow
                0x0000000008000cdc       0x24 ./Core/Src/main.o
                0x0000000008000cdc                clearRow
 .text.setRow   0x0000000008000d00       0x38 ./Core/Src/main.o
                0x0000000008000d00                setRow
 .text.SetStateProperty
                0x0000000008000d38      0x144 ./Core/Src/main.o
                0x0000000008000d38                SetStateProperty
 .text.INIT_PWM
                0x0000000008000e7c       0xac ./Core/Src/main.o
                0x0000000008000e7c                INIT_PWM
 .text.INIT_TIMER2
                0x0000000008000f28       0x6c ./Core/Src/main.o
                0x0000000008000f28                INIT_TIMER2
 .text.INIT_TIMER14
                0x0000000008000f94       0x60 ./Core/Src/main.o
                0x0000000008000f94                INIT_TIMER14
 .text.PlaySound
                0x0000000008000ff4       0x20 ./Core/Src/main.o
                0x0000000008000ff4                PlaySound
 .text.TIM2_IRQHandler
                0x0000000008001014      0x34c ./Core/Src/main.o
                0x0000000008001014                TIM2_IRQHandler
 .text.TIM14_IRQHandler
                0x0000000008001360       0xfc ./Core/Src/main.o
                0x0000000008001360                TIM14_IRQHandler
 .text.EXTI4_15_IRQHandler
                0x000000000800145c      0x488 ./Core/Src/main.o
                0x000000000800145c                EXTI4_15_IRQHandler
 .text.ADCInit  0x00000000080018e4       0xa0 ./Core/Src/main.o
                0x00000000080018e4                ADCInit
 .text.Keypad_SSD_GPIO_Init
                0x0000000008001984      0x1ac ./Core/Src/main.o
                0x0000000008001984                Keypad_SSD_GPIO_Init
 .text.main     0x0000000008001b30       0x78 ./Core/Src/main.o
                0x0000000008001b30                main
 .text.NMI_Handler
                0x0000000008001ba8        0x6 ./Core/Src/stm32g0xx_it.o
                0x0000000008001ba8                NMI_Handler
 .text.HardFault_Handler
                0x0000000008001bae        0x6 ./Core/Src/stm32g0xx_it.o
                0x0000000008001bae                HardFault_Handler
 .text.SVC_Handler
                0x0000000008001bb4        0xa ./Core/Src/stm32g0xx_it.o
                0x0000000008001bb4                SVC_Handler
 .text.PendSV_Handler
                0x0000000008001bbe        0xa ./Core/Src/stm32g0xx_it.o
                0x0000000008001bbe                PendSV_Handler
 .text.SysTick_Handler
                0x0000000008001bc8        0xe ./Core/Src/stm32g0xx_it.o
                0x0000000008001bc8                SysTick_Handler
 *fill*         0x0000000008001bd6        0x2 
 .text._sbrk    0x0000000008001bd8       0x6c ./Core/Src/sysmem.o
                0x0000000008001bd8                _sbrk
 .text.SystemInit
                0x0000000008001c44        0xa ./Core/Src/system_stm32g0xx.o
                0x0000000008001c44                SystemInit
 *fill*         0x0000000008001c4e        0x2 
 .text.Reset_Handler
                0x0000000008001c50       0x50 ./Core/Startup/startup_stm32g031k8tx.o
                0x0000000008001c50                Reset_Handler
 .text.Default_Handler
                0x0000000008001ca0        0x2 ./Core/Startup/startup_stm32g031k8tx.o
                0x0000000008001ca0                TIM1_CC_IRQHandler
                0x0000000008001ca0                PVD_IRQHandler
                0x0000000008001ca0                I2C1_IRQHandler
                0x0000000008001ca0                LPTIM2_IRQHandler
                0x0000000008001ca0                RTC_TAMP_IRQHandler
                0x0000000008001ca0                SPI1_IRQHandler
                0x0000000008001ca0                DMA1_Ch4_5_DMAMUX1_OVR_IRQHandler
                0x0000000008001ca0                EXTI2_3_IRQHandler
                0x0000000008001ca0                ADC1_IRQHandler
                0x0000000008001ca0                I2C2_IRQHandler
                0x0000000008001ca0                TIM17_IRQHandler
                0x0000000008001ca0                TIM16_IRQHandler
                0x0000000008001ca0                TIM3_IRQHandler
                0x0000000008001ca0                RCC_IRQHandler
                0x0000000008001ca0                DMA1_Channel1_IRQHandler
                0x0000000008001ca0                Default_Handler
                0x0000000008001ca0                EXTI0_1_IRQHandler
                0x0000000008001ca0                SPI2_IRQHandler
                0x0000000008001ca0                WWDG_IRQHandler
                0x0000000008001ca0                LPUART1_IRQHandler
                0x0000000008001ca0                DMA1_Channel2_3_IRQHandler
                0x0000000008001ca0                USART2_IRQHandler
                0x0000000008001ca0                FLASH_IRQHandler
                0x0000000008001ca0                USART1_IRQHandler
                0x0000000008001ca0                TIM1_BRK_UP_TRG_COM_IRQHandler
                0x0000000008001ca0                LPTIM1_IRQHandler
 *fill*         0x0000000008001ca2        0x2 
 .text.HAL_IncTick
                0x0000000008001ca4       0x24 ./Drivers/STM32G0xx_HAL_Driver/Src/stm32g0xx_hal.o
                0x0000000008001ca4                HAL_IncTick
 .text.__errno  0x0000000008001cc8        0xc c:/st/stm32cubeide_1.7.0/stm32cubeide/plugins/com.st.stm32cube.ide.mcu.externaltools.gnu-tools-for-stm32.9-2020-q2-update.win32_2.0.0.202105311346/tools/bin/../lib/gcc/arm-none-eabi/9.3.1/../../../../arm-none-eabi/lib/thumb/v6-m/nofp\libc_nano.a(lib_a-errno.o)
                0x0000000008001cc8                __errno
 .text.__libc_init_array
                0x0000000008001cd4       0x48 c:/st/stm32cubeide_1.7.0/stm32cubeide/plugins/com.st.stm32cube.ide.mcu.externaltools.gnu-tools-for-stm32.9-2020-q2-update.win32_2.0.0.202105311346/tools/bin/../lib/gcc/arm-none-eabi/9.3.1/../../../../arm-none-eabi/lib/thumb/v6-m/nofp\libc_nano.a(lib_a-init.o)
                0x0000000008001cd4                __libc_init_array
 .text.malloc   0x0000000008001d1c       0x14 c:/st/stm32cubeide_1.7.0/stm32cubeide/plugins/com.st.stm32cube.ide.mcu.externaltools.gnu-tools-for-stm32.9-2020-q2-update.win32_2.0.0.202105311346/tools/bin/../lib/gcc/arm-none-eabi/9.3.1/../../../../arm-none-eabi/lib/thumb/v6-m/nofp\libc_nano.a(lib_a-malloc.o)
                0x0000000008001d1c                malloc
 .text._malloc_r
                0x0000000008001d30       0xbc c:/st/stm32cubeide_1.7.0/stm32cubeide/plugins/com.st.stm32cube.ide.mcu.externaltools.gnu-tools-for-stm32.9-2020-q2-update.win32_2.0.0.202105311346/tools/bin/../lib/gcc/arm-none-eabi/9.3.1/../../../../arm-none-eabi/lib/thumb/v6-m/nofp\libc_nano.a(lib_a-nano-mallocr.o)
                0x0000000008001d30                _malloc_r
 .text._sbrk_r  0x0000000008001dec       0x24 c:/st/stm32cubeide_1.7.0/stm32cubeide/plugins/com.st.stm32cube.ide.mcu.externaltools.gnu-tools-for-stm32.9-2020-q2-update.win32_2.0.0.202105311346/tools/bin/../lib/gcc/arm-none-eabi/9.3.1/../../../../arm-none-eabi/lib/thumb/v6-m/nofp\libc_nano.a(lib_a-sbrkr.o)
                0x0000000008001dec                _sbrk_r
 .text.__malloc_lock
                0x0000000008001e10       0x10 c:/st/stm32cubeide_1.7.0/stm32cubeide/plugins/com.st.stm32cube.ide.mcu.externaltools.gnu-tools-for-stm32.9-2020-q2-update.win32_2.0.0.202105311346/tools/bin/../lib/gcc/arm-none-eabi/9.3.1/../../../../arm-none-eabi/lib/thumb/v6-m/nofp\libc_nano.a(lib_a-mlock.o)
                0x0000000008001e10                __malloc_lock
 .text.__malloc_unlock
                0x0000000008001e20       0x10 c:/st/stm32cubeide_1.7.0/stm32cubeide/plugins/com.st.stm32cube.ide.mcu.externaltools.gnu-tools-for-stm32.9-2020-q2-update.win32_2.0.0.202105311346/tools/bin/../lib/gcc/arm-none-eabi/9.3.1/../../../../arm-none-eabi/lib/thumb/v6-m/nofp\libc_nano.a(lib_a-mlock.o)
                0x0000000008001e20                __malloc_unlock
 .text.__retarget_lock_acquire_recursive
                0x0000000008001e30        0x2 c:/st/stm32cubeide_1.7.0/stm32cubeide/plugins/com.st.stm32cube.ide.mcu.externaltools.gnu-tools-for-stm32.9-2020-q2-update.win32_2.0.0.202105311346/tools/bin/../lib/gcc/arm-none-eabi/9.3.1/../../../../arm-none-eabi/lib/thumb/v6-m/nofp\libc_nano.a(lib_a-lock.o)
                0x0000000008001e30                __retarget_lock_acquire_recursive
 .text.__retarget_lock_release_recursive
                0x0000000008001e32        0x2 c:/st/stm32cubeide_1.7.0/stm32cubeide/plugins/com.st.stm32cube.ide.mcu.externaltools.gnu-tools-for-stm32.9-2020-q2-update.win32_2.0.0.202105311346/tools/bin/../lib/gcc/arm-none-eabi/9.3.1/../../../../arm-none-eabi/lib/thumb/v6-m/nofp\libc_nano.a(lib_a-lock.o)
                0x0000000008001e32                __retarget_lock_release_recursive
 *(.glue_7)
 .glue_7        0x0000000008001e34        0x0 linker stubs
 *(.glue_7t)
 .glue_7t       0x0000000008001e34        0x0 linker stubs
 *(.eh_frame)
 .eh_frame      0x0000000008001e34        0x0 c:/st/stm32cubeide_1.7.0/stm32cubeide/plugins/com.st.stm32cube.ide.mcu.externaltools.gnu-tools-for-stm32.9-2020-q2-update.win32_2.0.0.202105311346/tools/bin/../lib/gcc/arm-none-eabi/9.3.1/thumb/v6-m/nofp/crtbegin.o
 *(.init)
 .init          0x0000000008001e34        0x4 c:/st/stm32cubeide_1.7.0/stm32cubeide/plugins/com.st.stm32cube.ide.mcu.externaltools.gnu-tools-for-stm32.9-2020-q2-update.win32_2.0.0.202105311346/tools/bin/../lib/gcc/arm-none-eabi/9.3.1/thumb/v6-m/nofp/crti.o
                0x0000000008001e34                _init
 .init          0x0000000008001e38        0x8 c:/st/stm32cubeide_1.7.0/stm32cubeide/plugins/com.st.stm32cube.ide.mcu.externaltools.gnu-tools-for-stm32.9-2020-q2-update.win32_2.0.0.202105311346/tools/bin/../lib/gcc/arm-none-eabi/9.3.1/thumb/v6-m/nofp/crtn.o
 *(.fini)
 .fini          0x0000000008001e40        0x4 c:/st/stm32cubeide_1.7.0/stm32cubeide/plugins/com.st.stm32cube.ide.mcu.externaltools.gnu-tools-for-stm32.9-2020-q2-update.win32_2.0.0.202105311346/tools/bin/../lib/gcc/arm-none-eabi/9.3.1/thumb/v6-m/nofp/crti.o
                0x0000000008001e40                _fini
 .fini          0x0000000008001e44        0x8 c:/st/stm32cubeide_1.7.0/stm32cubeide/plugins/com.st.stm32cube.ide.mcu.externaltools.gnu-tools-for-stm32.9-2020-q2-update.win32_2.0.0.202105311346/tools/bin/../lib/gcc/arm-none-eabi/9.3.1/thumb/v6-m/nofp/crtn.o
                0x0000000008001e4c                . = ALIGN (0x4)
                0x0000000008001e4c                _etext = .

.vfp11_veneer   0x0000000008001e4c        0x0
 .vfp11_veneer  0x0000000008001e4c        0x0 linker stubs

.v4_bx          0x0000000008001e4c        0x0
 .v4_bx         0x0000000008001e4c        0x0 linker stubs

.iplt           0x0000000008001e4c        0x0
 .iplt          0x0000000008001e4c        0x0 c:/st/stm32cubeide_1.7.0/stm32cubeide/plugins/com.st.stm32cube.ide.mcu.externaltools.gnu-tools-for-stm32.9-2020-q2-update.win32_2.0.0.202105311346/tools/bin/../lib/gcc/arm-none-eabi/9.3.1/thumb/v6-m/nofp/crtbegin.o

.rodata         0x0000000008001e4c      0x168
                0x0000000008001e4c                . = ALIGN (0x4)
 *(.rodata)
 *(.rodata*)
 .rodata.DisplayChar
                0x0000000008001e4c      0x11c ./Core/Src/main.o
 .rodata.IntToChar
                0x0000000008001f68       0x28 ./Core/Src/main.o
 .rodata.SetStateProperty
                0x0000000008001f90       0x24 ./Core/Src/main.o
                0x0000000008001fb4                . = ALIGN (0x4)

.rel.dyn        0x0000000008001fb4        0x0
 .rel.iplt      0x0000000008001fb4        0x0 c:/st/stm32cubeide_1.7.0/stm32cubeide/plugins/com.st.stm32cube.ide.mcu.externaltools.gnu-tools-for-stm32.9-2020-q2-update.win32_2.0.0.202105311346/tools/bin/../lib/gcc/arm-none-eabi/9.3.1/thumb/v6-m/nofp/crtbegin.o

.ARM.extab      0x0000000008001fb4        0x0
                0x0000000008001fb4                . = ALIGN (0x4)
 *(.ARM.extab* .gnu.linkonce.armextab.*)
                0x0000000008001fb4                . = ALIGN (0x4)

.ARM            0x0000000008001fb4        0x0
                0x0000000008001fb4                . = ALIGN (0x4)
                0x0000000008001fb4                __exidx_start = .
 *(.ARM.exidx*)
                0x0000000008001fb4                __exidx_end = .
                0x0000000008001fb4                . = ALIGN (0x4)

.preinit_array  0x0000000008001fb4        0x0
                0x0000000008001fb4                . = ALIGN (0x4)
                0x0000000008001fb4                PROVIDE (__preinit_array_start = .)
 *(.preinit_array*)
                0x0000000008001fb4                PROVIDE (__preinit_array_end = .)
                0x0000000008001fb4                . = ALIGN (0x4)

.init_array     0x0000000008001fb4        0x4
                0x0000000008001fb4                . = ALIGN (0x4)
                0x0000000008001fb4                PROVIDE (__init_array_start = .)
 *(SORT_BY_NAME(.init_array.*))
 *(.init_array*)
 .init_array    0x0000000008001fb4        0x4 c:/st/stm32cubeide_1.7.0/stm32cubeide/plugins/com.st.stm32cube.ide.mcu.externaltools.gnu-tools-for-stm32.9-2020-q2-update.win32_2.0.0.202105311346/tools/bin/../lib/gcc/arm-none-eabi/9.3.1/thumb/v6-m/nofp/crtbegin.o
                0x0000000008001fb8                PROVIDE (__init_array_end = .)
                0x0000000008001fb8                . = ALIGN (0x4)

.fini_array     0x0000000008001fb8        0x4
                0x0000000008001fb8                . = ALIGN (0x4)
                [!provide]                        PROVIDE (__fini_array_start = .)
 *(SORT_BY_NAME(.fini_array.*))
 *(.fini_array*)
 .fini_array    0x0000000008001fb8        0x4 c:/st/stm32cubeide_1.7.0/stm32cubeide/plugins/com.st.stm32cube.ide.mcu.externaltools.gnu-tools-for-stm32.9-2020-q2-update.win32_2.0.0.202105311346/tools/bin/../lib/gcc/arm-none-eabi/9.3.1/thumb/v6-m/nofp/crtbegin.o
                [!provide]                        PROVIDE (__fini_array_end = .)
                0x0000000008001fbc                . = ALIGN (0x4)
                0x0000000008001fbc                _sidata = LOADADDR (.data)

.data           0x0000000020000000       0x6c load address 0x0000000008001fbc
                0x0000000020000000                . = ALIGN (0x4)
                0x0000000020000000                _sdata = .
 *(.data)
 *(.data*)
 .data.curr_devaddr
                0x0000000020000000        0x1 ./Core/Src/main.o
                0x0000000020000000                curr_devaddr
 .data.can_read
                0x0000000020000001        0x1 ./Core/Src/main.o
                0x0000000020000001                can_read
 .data.canButtonPress
                0x0000000020000002        0x1 ./Core/Src/main.o
                0x0000000020000002                canButtonPress
 .data.record_time
                0x0000000020000003        0x1 ./Core/Src/main.o
                0x0000000020000003                record_time
 .data.curr_readdevaddr
                0x0000000020000004        0x1 ./Core/Src/main.o
                0x0000000020000004                curr_readdevaddr
 .data.uwTickFreq
                0x0000000020000005        0x1 ./Drivers/STM32G0xx_HAL_Driver/Src/stm32g0xx_hal.o
                0x0000000020000005                uwTickFreq
 *fill*         0x0000000020000006        0x2 
 .data._impure_ptr
                0x0000000020000008        0x4 c:/st/stm32cubeide_1.7.0/stm32cubeide/plugins/com.st.stm32cube.ide.mcu.externaltools.gnu-tools-for-stm32.9-2020-q2-update.win32_2.0.0.202105311346/tools/bin/../lib/gcc/arm-none-eabi/9.3.1/../../../../arm-none-eabi/lib/thumb/v6-m/nofp\libc_nano.a(lib_a-impure.o)
                0x0000000020000008                _impure_ptr
 .data.impure_data
                0x000000002000000c       0x60 c:/st/stm32cubeide_1.7.0/stm32cubeide/plugins/com.st.stm32cube.ide.mcu.externaltools.gnu-tools-for-stm32.9-2020-q2-update.win32_2.0.0.202105311346/tools/bin/../lib/gcc/arm-none-eabi/9.3.1/../../../../arm-none-eabi/lib/thumb/v6-m/nofp\libc_nano.a(lib_a-impure.o)
 *(.RamFunc)
 *(.RamFunc*)
                0x000000002000006c                . = ALIGN (0x4)
                0x000000002000006c                _edata = .

.igot.plt       0x000000002000006c        0x0 load address 0x0000000008002028
 .igot.plt      0x000000002000006c        0x0 c:/st/stm32cubeide_1.7.0/stm32cubeide/plugins/com.st.stm32cube.ide.mcu.externaltools.gnu-tools-for-stm32.9-2020-q2-update.win32_2.0.0.202105311346/tools/bin/../lib/gcc/arm-none-eabi/9.3.1/thumb/v6-m/nofp/crtbegin.o
                0x000000002000006c                . = ALIGN (0x4)

.bss            0x000000002000006c       0x68 load address 0x0000000008002028
                0x000000002000006c                _sbss = .
                0x000000002000006c                __bss_start__ = _sbss
 *(.bss)
 .bss           0x000000002000006c       0x1c c:/st/stm32cubeide_1.7.0/stm32cubeide/plugins/com.st.stm32cube.ide.mcu.externaltools.gnu-tools-for-stm32.9-2020-q2-update.win32_2.0.0.202105311346/tools/bin/../lib/gcc/arm-none-eabi/9.3.1/thumb/v6-m/nofp/crtbegin.o
 *(.bss*)
 .bss.bw_index  0x0000000020000088        0x2 ./Core/Src/main.o
                0x0000000020000088                bw_index
 .bss.read_index
                0x000000002000008a        0x2 ./Core/Src/main.o
                0x000000002000008a                read_index
 .bss.record_size
                0x000000002000008c        0x2 ./Core/Src/main.o
                0x000000002000008c                record_size
 .bss.curr_memaddr
                0x000000002000008e        0x2 ./Core/Src/main.o
                0x000000002000008e                curr_memaddr
 .bss.buttonPressCounter
                0x0000000020000090        0x1 ./Core/Src/main.o
                0x0000000020000090                buttonPressCounter
 *fill*         0x0000000020000091        0x1 
 .bss.idle_counter
                0x0000000020000092        0x2 ./Core/Src/main.o
                0x0000000020000092                idle_counter
 .bss.track_size
                0x0000000020000094        0x1 ./Core/Src/main.o
                0x0000000020000094                track_size
 *fill*         0x0000000020000095        0x1 
 .bss.read_init_memaddr
                0x0000000020000096        0x2 ./Core/Src/main.o
                0x0000000020000096                read_init_memaddr
 .bss.curr_readmemaddr
                0x0000000020000098        0x2 ./Core/Src/main.o
                0x0000000020000098                curr_readmemaddr
 *fill*         0x000000002000009a        0x2 
 .bss.__sbrk_heap_end
                0x000000002000009c        0x4 ./Core/Src/sysmem.o
 .bss.__malloc_free_list
                0x00000000200000a0        0x4 c:/st/stm32cubeide_1.7.0/stm32cubeide/plugins/com.st.stm32cube.ide.mcu.externaltools.gnu-tools-for-stm32.9-2020-q2-update.win32_2.0.0.202105311346/tools/bin/../lib/gcc/arm-none-eabi/9.3.1/../../../../arm-none-eabi/lib/thumb/v6-m/nofp\libc_nano.a(lib_a-nano-mallocr.o)
                0x00000000200000a0                __malloc_free_list
 .bss.__malloc_sbrk_start
                0x00000000200000a4        0x4 c:/st/stm32cubeide_1.7.0/stm32cubeide/plugins/com.st.stm32cube.ide.mcu.externaltools.gnu-tools-for-stm32.9-2020-q2-update.win32_2.0.0.202105311346/tools/bin/../lib/gcc/arm-none-eabi/9.3.1/../../../../arm-none-eabi/lib/thumb/v6-m/nofp\libc_nano.a(lib_a-nano-mallocr.o)
                0x00000000200000a4                __malloc_sbrk_start
 *(COMMON)
 COMMON         0x00000000200000a8       0x15 ./Core/Src/main.o
                0x00000000200000a8                disp_letters
                0x00000000200000ac                curr_state
                0x00000000200000b0                buffer_write
                0x00000000200000b4                buffer_read
                0x00000000200000b8                playable_track
                0x00000000200000bc                selected_track
 *fill*         0x00000000200000bd        0x3 
 COMMON         0x00000000200000c0        0x4 ./Drivers/STM32G0xx_HAL_Driver/Src/stm32g0xx_hal.o
                0x00000000200000c0                uwTick
 COMMON         0x00000000200000c4        0x4 c:/st/stm32cubeide_1.7.0/stm32cubeide/plugins/com.st.stm32cube.ide.mcu.externaltools.gnu-tools-for-stm32.9-2020-q2-update.win32_2.0.0.202105311346/tools/bin/../lib/gcc/arm-none-eabi/9.3.1/../../../../arm-none-eabi/lib/thumb/v6-m/nofp\libc_nano.a(lib_a-reent.o)
                0x00000000200000c4                errno
 COMMON         0x00000000200000c8        0x9 c:/st/stm32cubeide_1.7.0/stm32cubeide/plugins/com.st.stm32cube.ide.mcu.externaltools.gnu-tools-for-stm32.9-2020-q2-update.win32_2.0.0.202105311346/tools/bin/../lib/gcc/arm-none-eabi/9.3.1/../../../../arm-none-eabi/lib/thumb/v6-m/nofp\libc_nano.a(lib_a-lock.o)
                0x00000000200000c8                __lock___atexit_recursive_mutex
                0x00000000200000c9                __lock___arc4random_mutex
                0x00000000200000ca                __lock___env_recursive_mutex
                0x00000000200000cb                __lock___sinit_recursive_mutex
                0x00000000200000cc                __lock___malloc_recursive_mutex
                0x00000000200000cd                __lock___at_quick_exit_mutex
                0x00000000200000ce                __lock___dd_hash_mutex
                0x00000000200000cf                __lock___tz_mutex
                0x00000000200000d0                __lock___sfp_recursive_mutex
                0x00000000200000d4                . = ALIGN (0x4)
 *fill*         0x00000000200000d1        0x3 
                0x00000000200000d4                _ebss = .
                0x00000000200000d4                __bss_end__ = _ebss

._user_heap_stack
                0x00000000200000d4      0x604 load address 0x0000000008002028
                0x00000000200000d8                . = ALIGN (0x8)
 *fill*         0x00000000200000d4        0x4 
                [!provide]                        PROVIDE (end = .)
                0x00000000200000d8                PROVIDE (_end = .)
                0x00000000200002d8                . = (. + _Min_Heap_Size)
 *fill*         0x00000000200000d8      0x200 
                0x00000000200006d8                . = (. + _Min_Stack_Size)
 *fill*         0x00000000200002d8      0x400 
                0x00000000200006d8                . = ALIGN (0x8)

/DISCARD/
 libc.a(*)
 libm.a(*)
 libgcc.a(*)

.ARM.attributes
                0x0000000000000000       0x28
 *(.ARM.attributes)
 .ARM.attributes
                0x0000000000000000       0x1e c:/st/stm32cubeide_1.7.0/stm32cubeide/plugins/com.st.stm32cube.ide.mcu.externaltools.gnu-tools-for-stm32.9-2020-q2-update.win32_2.0.0.202105311346/tools/bin/../lib/gcc/arm-none-eabi/9.3.1/thumb/v6-m/nofp/crti.o
 .ARM.attributes
                0x000000000000001e       0x2c c:/st/stm32cubeide_1.7.0/stm32cubeide/plugins/com.st.stm32cube.ide.mcu.externaltools.gnu-tools-for-stm32.9-2020-q2-update.win32_2.0.0.202105311346/tools/bin/../lib/gcc/arm-none-eabi/9.3.1/thumb/v6-m/nofp/crtbegin.o
 .ARM.attributes
                0x000000000000004a       0x2c ./Core/Src/lc512driver.o
 .ARM.attributes
                0x0000000000000076       0x2c ./Core/Src/main.o
 .ARM.attributes
                0x00000000000000a2       0x2c ./Core/Src/stm32g0xx_it.o
 .ARM.attributes
                0x00000000000000ce       0x2c ./Core/Src/sysmem.o
 .ARM.attributes
                0x00000000000000fa       0x2c ./Core/Src/system_stm32g0xx.o
 .ARM.attributes
                0x0000000000000126       0x22 ./Core/Startup/startup_stm32g031k8tx.o
 .ARM.attributes
                0x0000000000000148       0x2c ./Drivers/STM32G0xx_HAL_Driver/Src/stm32g0xx_hal.o
 .ARM.attributes
                0x0000000000000174       0x2c c:/st/stm32cubeide_1.7.0/stm32cubeide/plugins/com.st.stm32cube.ide.mcu.externaltools.gnu-tools-for-stm32.9-2020-q2-update.win32_2.0.0.202105311346/tools/bin/../lib/gcc/arm-none-eabi/9.3.1/../../../../arm-none-eabi/lib/thumb/v6-m/nofp\libc_nano.a(lib_a-errno.o)
 .ARM.attributes
                0x00000000000001a0       0x2c c:/st/stm32cubeide_1.7.0/stm32cubeide/plugins/com.st.stm32cube.ide.mcu.externaltools.gnu-tools-for-stm32.9-2020-q2-update.win32_2.0.0.202105311346/tools/bin/../lib/gcc/arm-none-eabi/9.3.1/../../../../arm-none-eabi/lib/thumb/v6-m/nofp\libc_nano.a(lib_a-impure.o)
 .ARM.attributes
                0x00000000000001cc       0x2c c:/st/stm32cubeide_1.7.0/stm32cubeide/plugins/com.st.stm32cube.ide.mcu.externaltools.gnu-tools-for-stm32.9-2020-q2-update.win32_2.0.0.202105311346/tools/bin/../lib/gcc/arm-none-eabi/9.3.1/../../../../arm-none-eabi/lib/thumb/v6-m/nofp\libc_nano.a(lib_a-init.o)
 .ARM.attributes
                0x00000000000001f8       0x2c c:/st/stm32cubeide_1.7.0/stm32cubeide/plugins/com.st.stm32cube.ide.mcu.externaltools.gnu-tools-for-stm32.9-2020-q2-update.win32_2.0.0.202105311346/tools/bin/../lib/gcc/arm-none-eabi/9.3.1/../../../../arm-none-eabi/lib/thumb/v6-m/nofp\libc_nano.a(lib_a-malloc.o)
 .ARM.attributes
                0x0000000000000224       0x2c c:/st/stm32cubeide_1.7.0/stm32cubeide/plugins/com.st.stm32cube.ide.mcu.externaltools.gnu-tools-for-stm32.9-2020-q2-update.win32_2.0.0.202105311346/tools/bin/../lib/gcc/arm-none-eabi/9.3.1/../../../../arm-none-eabi/lib/thumb/v6-m/nofp\libc_nano.a(lib_a-nano-mallocr.o)
 .ARM.attributes
                0x0000000000000250       0x2c c:/st/stm32cubeide_1.7.0/stm32cubeide/plugins/com.st.stm32cube.ide.mcu.externaltools.gnu-tools-for-stm32.9-2020-q2-update.win32_2.0.0.202105311346/tools/bin/../lib/gcc/arm-none-eabi/9.3.1/../../../../arm-none-eabi/lib/thumb/v6-m/nofp\libc_nano.a(lib_a-sbrkr.o)
 .ARM.attributes
                0x000000000000027c       0x2c c:/st/stm32cubeide_1.7.0/stm32cubeide/plugins/com.st.stm32cube.ide.mcu.externaltools.gnu-tools-for-stm32.9-2020-q2-update.win32_2.0.0.202105311346/tools/bin/../lib/gcc/arm-none-eabi/9.3.1/../../../../arm-none-eabi/lib/thumb/v6-m/nofp\libc_nano.a(lib_a-mlock.o)
 .ARM.attributes
                0x00000000000002a8       0x2c c:/st/stm32cubeide_1.7.0/stm32cubeide/plugins/com.st.stm32cube.ide.mcu.externaltools.gnu-tools-for-stm32.9-2020-q2-update.win32_2.0.0.202105311346/tools/bin/../lib/gcc/arm-none-eabi/9.3.1/../../../../arm-none-eabi/lib/thumb/v6-m/nofp\libc_nano.a(lib_a-reent.o)
 .ARM.attributes
                0x00000000000002d4       0x2c c:/st/stm32cubeide_1.7.0/stm32cubeide/plugins/com.st.stm32cube.ide.mcu.externaltools.gnu-tools-for-stm32.9-2020-q2-update.win32_2.0.0.202105311346/tools/bin/../lib/gcc/arm-none-eabi/9.3.1/../../../../arm-none-eabi/lib/thumb/v6-m/nofp\libc_nano.a(lib_a-lock.o)
 .ARM.attributes
                0x0000000000000300       0x1e c:/st/stm32cubeide_1.7.0/stm32cubeide/plugins/com.st.stm32cube.ide.mcu.externaltools.gnu-tools-for-stm32.9-2020-q2-update.win32_2.0.0.202105311346/tools/bin/../lib/gcc/arm-none-eabi/9.3.1/thumb/v6-m/nofp/crtn.o
OUTPUT(PR2.elf elf32-littlearm)
LOAD linker stubs
LOAD c:/st/stm32cubeide_1.7.0/stm32cubeide/plugins/com.st.stm32cube.ide.mcu.externaltools.gnu-tools-for-stm32.9-2020-q2-update.win32_2.0.0.202105311346/tools/bin/../lib/gcc/arm-none-eabi/9.3.1/../../../../arm-none-eabi/lib/thumb/v6-m/nofp\libc.a
LOAD c:/st/stm32cubeide_1.7.0/stm32cubeide/plugins/com.st.stm32cube.ide.mcu.externaltools.gnu-tools-for-stm32.9-2020-q2-update.win32_2.0.0.202105311346/tools/bin/../lib/gcc/arm-none-eabi/9.3.1/../../../../arm-none-eabi/lib/thumb/v6-m/nofp\libm.a
LOAD c:/st/stm32cubeide_1.7.0/stm32cubeide/plugins/com.st.stm32cube.ide.mcu.externaltools.gnu-tools-for-stm32.9-2020-q2-update.win32_2.0.0.202105311346/tools/bin/../lib/gcc/arm-none-eabi/9.3.1/thumb/v6-m/nofp\libgcc.a

.debug_info     0x0000000000000000     0x402d
 .debug_info    0x0000000000000000      0x966 ./Core/Src/lc512driver.o
 .debug_info    0x0000000000000966     0x1a74 ./Core/Src/main.o
 .debug_info    0x00000000000023da      0x284 ./Core/Src/stm32g0xx_it.o
 .debug_info    0x000000000000265e      0xa25 ./Core/Src/sysmem.o
 .debug_info    0x0000000000003083      0x44c ./Core/Src/system_stm32g0xx.o
 .debug_info    0x00000000000034cf       0x22 ./Core/Startup/startup_stm32g031k8tx.o
 .debug_info    0x00000000000034f1      0xb3c ./Drivers/STM32G0xx_HAL_Driver/Src/stm32g0xx_hal.o

.debug_abbrev   0x0000000000000000      0xc9f
 .debug_abbrev  0x0000000000000000      0x1eb ./Core/Src/lc512driver.o
 .debug_abbrev  0x00000000000001eb      0x405 ./Core/Src/main.o
 .debug_abbrev  0x00000000000005f0      0x103 ./Core/Src/stm32g0xx_it.o
 .debug_abbrev  0x00000000000006f3      0x1bf ./Core/Src/sysmem.o
 .debug_abbrev  0x00000000000008b2      0x165 ./Core/Src/system_stm32g0xx.o
 .debug_abbrev  0x0000000000000a17       0x12 ./Core/Startup/startup_stm32g031k8tx.o
 .debug_abbrev  0x0000000000000a29      0x276 ./Drivers/STM32G0xx_HAL_Driver/Src/stm32g0xx_hal.o

.debug_aranges  0x0000000000000000      0x3e8
 .debug_aranges
                0x0000000000000000       0x50 ./Core/Src/lc512driver.o
 .debug_aranges
                0x0000000000000050      0x1c0 ./Core/Src/main.o
 .debug_aranges
                0x0000000000000210       0x40 ./Core/Src/stm32g0xx_it.o
 .debug_aranges
                0x0000000000000250       0x20 ./Core/Src/sysmem.o
 .debug_aranges
                0x0000000000000270       0x28 ./Core/Src/system_stm32g0xx.o
 .debug_aranges
                0x0000000000000298       0x28 ./Core/Startup/startup_stm32g031k8tx.o
 .debug_aranges
                0x00000000000002c0      0x128 ./Drivers/STM32G0xx_HAL_Driver/Src/stm32g0xx_hal.o

.debug_ranges   0x0000000000000000      0x380
 .debug_ranges  0x0000000000000000       0x40 ./Core/Src/lc512driver.o
 .debug_ranges  0x0000000000000040      0x1b0 ./Core/Src/main.o
 .debug_ranges  0x00000000000001f0       0x30 ./Core/Src/stm32g0xx_it.o
 .debug_ranges  0x0000000000000220       0x10 ./Core/Src/sysmem.o
 .debug_ranges  0x0000000000000230       0x18 ./Core/Src/system_stm32g0xx.o
 .debug_ranges  0x0000000000000248       0x20 ./Core/Startup/startup_stm32g031k8tx.o
 .debug_ranges  0x0000000000000268      0x118 ./Drivers/STM32G0xx_HAL_Driver/Src/stm32g0xx_hal.o

.debug_macro    0x0000000000000000    0x140f1
 .debug_macro   0x0000000000000000      0x1c1 ./Core/Src/lc512driver.o
 .debug_macro   0x00000000000001c1      0xa7e ./Core/Src/lc512driver.o
 .debug_macro   0x0000000000000c3f       0x2e ./Core/Src/lc512driver.o
 .debug_macro   0x0000000000000c6d       0x28 ./Core/Src/lc512driver.o
 .debug_macro   0x0000000000000c95       0x22 ./Core/Src/lc512driver.o
 .debug_macro   0x0000000000000cb7       0x8e ./Core/Src/lc512driver.o
 .debug_macro   0x0000000000000d45       0x51 ./Core/Src/lc512driver.o
 .debug_macro   0x0000000000000d96      0x103 ./Core/Src/lc512driver.o
 .debug_macro   0x0000000000000e99       0x6a ./Core/Src/lc512driver.o
 .debug_macro   0x0000000000000f03      0x1df ./Core/Src/lc512driver.o
 .debug_macro   0x00000000000010e2       0x1c ./Core/Src/lc512driver.o
 .debug_macro   0x00000000000010fe       0x22 ./Core/Src/lc512driver.o
 .debug_macro   0x0000000000001120       0xd7 ./Core/Src/lc512driver.o
 .debug_macro   0x00000000000011f7      0x4da ./Core/Src/lc512driver.o
 .debug_macro   0x00000000000016d1      0x11f ./Core/Src/lc512driver.o
 .debug_macro   0x00000000000017f0     0xa9cb ./Core/Src/lc512driver.o
 .debug_macro   0x000000000000c1bb       0x66 ./Core/Src/lc512driver.o
 .debug_macro   0x000000000000c221      0x111 ./Core/Src/lc512driver.o
 .debug_macro   0x000000000000c332     0x34e5 ./Core/Src/lc512driver.o
 .debug_macro   0x000000000000f817      0x174 ./Core/Src/lc512driver.o
 .debug_macro   0x000000000000f98b       0x5c ./Core/Src/lc512driver.o
 .debug_macro   0x000000000000f9e7      0x53b ./Core/Src/lc512driver.o
 .debug_macro   0x000000000000ff22      0xf24 ./Core/Src/lc512driver.o
 .debug_macro   0x0000000000010e46      0x1d8 ./Core/Src/lc512driver.o
 .debug_macro   0x000000000001101e      0x1d0 ./Core/Src/lc512driver.o
 .debug_macro   0x00000000000111ee      0x122 ./Core/Src/lc512driver.o
 .debug_macro   0x0000000000011310      0x390 ./Core/Src/lc512driver.o
 .debug_macro   0x00000000000116a0      0x202 ./Core/Src/lc512driver.o
 .debug_macro   0x00000000000118a2      0x2ff ./Core/Src/lc512driver.o
 .debug_macro   0x0000000000011ba1      0x1b2 ./Core/Src/lc512driver.o
 .debug_macro   0x0000000000011d53       0x43 ./Core/Src/lc512driver.o
 .debug_macro   0x0000000000011d96      0x1f1 ./Core/Src/lc512driver.o
 .debug_macro   0x0000000000011f87      0x1d7 ./Core/Src/lc512driver.o
 .debug_macro   0x000000000001215e      0x38a ./Core/Src/lc512driver.o
 .debug_macro   0x00000000000124e8       0x28 ./Core/Src/lc512driver.o
 .debug_macro   0x0000000000012510       0xe4 ./Core/Src/lc512driver.o
 .debug_macro   0x00000000000125f4      0x10c ./Core/Src/lc512driver.o
 .debug_macro   0x0000000000012700      0x240 ./Core/Src/lc512driver.o
 .debug_macro   0x0000000000012940      0x49d ./Core/Src/lc512driver.o
 .debug_macro   0x0000000000012ddd      0x2e8 ./Core/Src/main.o
 .debug_macro   0x00000000000130c5       0x52 ./Core/Src/main.o
 .debug_macro   0x0000000000013117       0x18 ./Core/Src/main.o
 .debug_macro   0x000000000001312f       0x3c ./Core/Src/main.o
 .debug_macro   0x000000000001316b       0x34 ./Core/Src/main.o
 .debug_macro   0x000000000001319f       0x16 ./Core/Src/main.o
 .debug_macro   0x00000000000131b5       0x43 ./Core/Src/main.o
 .debug_macro   0x00000000000131f8       0x34 ./Core/Src/main.o
 .debug_macro   0x000000000001322c       0x10 ./Core/Src/main.o
 .debug_macro   0x000000000001323c       0x58 ./Core/Src/main.o
 .debug_macro   0x0000000000013294       0x71 ./Core/Src/main.o
 .debug_macro   0x0000000000013305       0x1c ./Core/Src/main.o
 .debug_macro   0x0000000000013321      0x12a ./Core/Src/main.o
 .debug_macro   0x000000000001344b      0x333 ./Core/Src/main.o
 .debug_macro   0x000000000001377e       0x10 ./Core/Src/main.o
 .debug_macro   0x000000000001378e       0x35 ./Core/Src/main.o
 .debug_macro   0x00000000000137c3       0x20 ./Core/Src/main.o
 .debug_macro   0x00000000000137e3       0x16 ./Core/Src/main.o
 .debug_macro   0x00000000000137f9       0x16 ./Core/Src/main.o
 .debug_macro   0x000000000001380f       0x29 ./Core/Src/main.o
 .debug_macro   0x0000000000013838       0x22 ./Core/Src/main.o
 .debug_macro   0x000000000001385a      0x1cb ./Core/Src/stm32g0xx_it.o
 .debug_macro   0x0000000000013a25       0xff ./Core/Src/sysmem.o
 .debug_macro   0x0000000000013b24      0x23b ./Core/Src/sysmem.o
 .debug_macro   0x0000000000013d5f      0x1b7 ./Core/Src/system_stm32g0xx.o
 .debug_macro   0x0000000000013f16      0x1db ./Drivers/STM32G0xx_HAL_Driver/Src/stm32g0xx_hal.o

.debug_line     0x0000000000000000     0x3ed6
 .debug_line    0x0000000000000000      0xa7f ./Core/Src/lc512driver.o
 .debug_line    0x0000000000000a7f     0x164e ./Core/Src/main.o
 .debug_line    0x00000000000020cd      0x70a ./Core/Src/stm32g0xx_it.o
 .debug_line    0x00000000000027d7      0x4f8 ./Core/Src/sysmem.o
 .debug_line    0x0000000000002ccf      0x718 ./Core/Src/system_stm32g0xx.o
 .debug_line    0x00000000000033e7       0x89 ./Core/Startup/startup_stm32g031k8tx.o
 .debug_line    0x0000000000003470      0xa66 ./Drivers/STM32G0xx_HAL_Driver/Src/stm32g0xx_hal.o

.debug_str      0x0000000000000000    0x80adf
 .debug_str     0x0000000000000000    0x7c801 ./Core/Src/lc512driver.o
                                      0x7cd69 (size before relaxing)
 .debug_str     0x000000000007c801     0x3791 ./Core/Src/main.o
                                      0x80539 (size before relaxing)
 .debug_str     0x000000000007ff92       0x80 ./Core/Src/stm32g0xx_it.o
                                      0x7c9b2 (size before relaxing)
 .debug_str     0x0000000000080012      0x4e9 ./Core/Src/sysmem.o
                                       0x61ad (size before relaxing)
 .debug_str     0x00000000000804fb       0x62 ./Core/Src/system_stm32g0xx.o
                                      0x7ca51 (size before relaxing)
 .debug_str     0x000000000008055d       0x36 ./Core/Startup/startup_stm32g031k8tx.o
                                         0x6b (size before relaxing)
 .debug_str     0x0000000000080593      0x54c ./Drivers/STM32G0xx_HAL_Driver/Src/stm32g0xx_hal.o
                                      0x7d18d (size before relaxing)

.comment        0x0000000000000000       0x53
 .comment       0x0000000000000000       0x53 ./Core/Src/lc512driver.o
                                         0x54 (size before relaxing)
 .comment       0x0000000000000053       0x54 ./Core/Src/main.o
 .comment       0x0000000000000053       0x54 ./Core/Src/stm32g0xx_it.o
 .comment       0x0000000000000053       0x54 ./Core/Src/sysmem.o
 .comment       0x0000000000000053       0x54 ./Core/Src/system_stm32g0xx.o
 .comment       0x0000000000000053       0x54 ./Drivers/STM32G0xx_HAL_Driver/Src/stm32g0xx_hal.o

.debug_frame    0x0000000000000000      0xe30
 .debug_frame   0x0000000000000000       0xf0 ./Core/Src/lc512driver.o
 .debug_frame   0x00000000000000f0      0x60c ./Core/Src/main.o
 .debug_frame   0x00000000000006fc       0x9c ./Core/Src/stm32g0xx_it.o
 .debug_frame   0x0000000000000798       0x30 ./Core/Src/sysmem.o
 .debug_frame   0x00000000000007c8       0x4c ./Core/Src/system_stm32g0xx.o
 .debug_frame   0x0000000000000814      0x3fc ./Drivers/STM32G0xx_HAL_Driver/Src/stm32g0xx_hal.o
 .debug_frame   0x0000000000000c10       0x20 c:/st/stm32cubeide_1.7.0/stm32cubeide/plugins/com.st.stm32cube.ide.mcu.externaltools.gnu-tools-for-stm32.9-2020-q2-update.win32_2.0.0.202105311346/tools/bin/../lib/gcc/arm-none-eabi/9.3.1/../../../../arm-none-eabi/lib/thumb/v6-m/nofp\libc_nano.a(lib_a-errno.o)
 .debug_frame   0x0000000000000c30       0x2c c:/st/stm32cubeide_1.7.0/stm32cubeide/plugins/com.st.stm32cube.ide.mcu.externaltools.gnu-tools-for-stm32.9-2020-q2-update.win32_2.0.0.202105311346/tools/bin/../lib/gcc/arm-none-eabi/9.3.1/../../../../arm-none-eabi/lib/thumb/v6-m/nofp\libc_nano.a(lib_a-init.o)
 .debug_frame   0x0000000000000c5c       0x40 c:/st/stm32cubeide_1.7.0/stm32cubeide/plugins/com.st.stm32cube.ide.mcu.externaltools.gnu-tools-for-stm32.9-2020-q2-update.win32_2.0.0.202105311346/tools/bin/../lib/gcc/arm-none-eabi/9.3.1/../../../../arm-none-eabi/lib/thumb/v6-m/nofp\libc_nano.a(lib_a-malloc.o)
 .debug_frame   0x0000000000000c9c       0x30 c:/st/stm32cubeide_1.7.0/stm32cubeide/plugins/com.st.stm32cube.ide.mcu.externaltools.gnu-tools-for-stm32.9-2020-q2-update.win32_2.0.0.202105311346/tools/bin/../lib/gcc/arm-none-eabi/9.3.1/../../../../arm-none-eabi/lib/thumb/v6-m/nofp\libc_nano.a(lib_a-nano-mallocr.o)
 .debug_frame   0x0000000000000ccc       0x2c c:/st/stm32cubeide_1.7.0/stm32cubeide/plugins/com.st.stm32cube.ide.mcu.externaltools.gnu-tools-for-stm32.9-2020-q2-update.win32_2.0.0.202105311346/tools/bin/../lib/gcc/arm-none-eabi/9.3.1/../../../../arm-none-eabi/lib/thumb/v6-m/nofp\libc_nano.a(lib_a-sbrkr.o)
 .debug_frame   0x0000000000000cf8       0x40 c:/st/stm32cubeide_1.7.0/stm32cubeide/plugins/com.st.stm32cube.ide.mcu.externaltools.gnu-tools-for-stm32.9-2020-q2-update.win32_2.0.0.202105311346/tools/bin/../lib/gcc/arm-none-eabi/9.3.1/../../../../arm-none-eabi/lib/thumb/v6-m/nofp\libc_nano.a(lib_a-mlock.o)
 .debug_frame   0x0000000000000d38       0x48 c:/st/stm32cubeide_1.7.0/stm32cubeide/plugins/com.st.stm32cube.ide.mcu.externaltools.gnu-tools-for-stm32.9-2020-q2-update.win32_2.0.0.202105311346/tools/bin/../lib/gcc/arm-none-eabi/9.3.1/../../../../arm-none-eabi/lib/thumb/v6-m/nofp\libc_nano.a(lib_a-reent.o)
 .debug_frame   0x0000000000000d80       0xb0 c:/st/stm32cubeide_1.7.0/stm32cubeide/plugins/com.st.stm32cube.ide.mcu.externaltools.gnu-tools-for-stm32.9-2020-q2-update.win32_2.0.0.202105311346/tools/bin/../lib/gcc/arm-none-eabi/9.3.1/../../../../arm-none-eabi/lib/thumb/v6-m/nofp\libc_nano.a(lib_a-lock.o)
