core_cm0plus.h:741:22:__NVIC_EnableIRQ	16	static,ignoring_inline_asm
core_cm0plus.h:850:22:__NVIC_SetPriority	24	static
ssdconfig.h:15:6:SetSegmentA	8	static
ssdconfig.h:20:6:SetSegmentB	8	static
ssdconfig.h:25:6:SetSegmentC	8	static
ssdconfig.h:30:6:SetSegmentD	8	static
ssdconfig.h:35:6:SetSegmentE	8	static
ssdconfig.h:40:6:SetSegmentF	8	static
ssdconfig.h:45:6:SetSegmentG	8	static
ssdconfig.h:54:6:SetNumberZero	8	static
ssdconfig.h:64:6:SetNumberOne	8	static
ssdconfig.h:70:6:SetNumberTwo	8	static
ssdconfig.h:79:6:SetNumberThree	8	static
ssdconfig.h:89:6:SetNumberFour	8	static
ssdconfig.h:97:6:SetNumberFive	8	static
ssdconfig.h:106:6:SetNumberSix	8	static
ssdconfig.h:116:6:SetNumberSeven	8	static
ssdconfig.h:123:6:SetNumberEight	8	static
ssdconfig.h:134:6:SetNumberNine	8	static
ssdconfig.h:144:6:SetNegativeSign	8	static
ssdconfig.h:152:6:SetLetterA	8	static
ssdconfig.h:162:6:SetLetterB	8	static
ssdconfig.h:171:6:SetLetterC	8	static
ssdconfig.h:178:6:SetLetterD	8	static
ssdconfig.h:187:6:SetLetterE	8	static
ssdconfig.h:196:6:SetLetterI	8	static
ssdconfig.h:202:6:SetLetterN	8	static
ssdconfig.h:209:6:SetLetterV	8	static
ssdconfig.h:217:6:SetLetterO	8	static
ssdconfig.h:225:6:SetLetterU	8	static
ssdconfig.h:234:6:SetLetterF	8	static
ssdconfig.h:242:6:SetLetterL	8	static
ssdconfig.h:249:6:SetLetterP	8	static
ssdconfig.h:258:6:SetLetterR	8	static
ssdconfig.h:266:6:TurnBeginning	8	static
ssdconfig.h:285:6:ShiftDigit	16	static
ssdconfig.h:301:6:DisplayChar	16	static
ssdconfig.h:382:6:IntToChar	16	static
ssdconfig.h:413:6:ResetDisplay	16	static
main.c:85:6:delay	16	static
main.c:91:6:clearRow	8	static
main.c:97:6:setRow	8	static
main.c:105:6:SetStateProperty	16	static
main.c:165:6:INIT_PWM	8	static
main.c:207:6:INIT_TIMER2	8	static
main.c:227:6:INIT_TIMER14	8	static
main.c:246:6:PlaySound	16	static
main.c:252:6:TIM2_IRQHandler	16	static
main.c:411:6:TIM14_IRQHandler	16	static
main.c:464:6:EXTI4_15_IRQHandler	16	static
main.c:667:6:ADCInit	8	static
main.c:703:6:Keypad_SSD_GPIO_Init	8	static
main.c:753:5:main	8	static
