15:45:06 **** Incremental Build of configuration Debug for project 05_UART_INTERRUPT ****
make -j8 all 
arm-none-eabi-gcc "../Core/Src/stm32g0xx_it.c" -mcpu=cortex-m0plus -std=gnu11 -g3 -DDEBUG -DUSE_HAL_DRIVER -DSTM32G031xx -c -I../Core/Inc -I../Drivers/STM32G0xx_HAL_Driver/Inc -I../Drivers/STM32G0xx_HAL_Driver/Inc/Legacy -I../Drivers/CMSIS/Device/ST/STM32G0xx/Include -I../Drivers/CMSIS/Include -O0 -ffunction-sections -fdata-sections -Wall -fstack-usage -MMD -MP -MF"Core/Src/stm32g0xx_it.d" -MT"Core/Src/stm32g0xx_it.o" --specs=nano.specs -mfloat-abi=soft -mthumb -o "Core/Src/stm32g0xx_it.o"
arm-none-eabi-gcc -o "05_UART_INTERRUPT.elf" @"objects.list"   -mcpu=cortex-m0plus -T"C:\Users\esra\Desktop\STM32G031K8-EXAMPLES\05_UART_INTERRUPT\STM32G031K8TX_FLASH.ld" --specs=nosys.specs -Wl,-Map="05_UART_INTERRUPT.map" -Wl,--gc-sections -static --specs=nano.specs -mfloat-abi=soft -mthumb -Wl,--start-group -lc -lm -Wl,--end-group
Finished building target: 05_UART_INTERRUPT.elf
 
arm-none-eabi-size   05_UART_INTERRUPT.elf 
arm-none-eabi-objdump -h -S  05_UART_INTERRUPT.elf  > "05_UART_INTERRUPT.list"
arm-none-eabi-objcopy  -O binary  05_UART_INTERRUPT.elf  "05_UART_INTERRUPT.bin"
   text	   data	    bss	    dec	    hex	filename
   1332	     12	   1572	   2916	    b64	05_UART_INTERRUPT.elf
Finished building: default.size.stdout
 
Finished building: 05_UART_INTERRUPT.bin
Finished building: 05_UART_INTERRUPT.list
 
 

15:45:07 Build Finished. 0 errors, 0 warnings. (took 852ms)

