12:53:55 **** Incremental Build of configuration Debug for project EXTERNAL_LED_BLINK ****
make -j8 all 
arm-none-eabi-gcc "../Core/Src/main.c" -mcpu=cortex-m0plus -std=gnu11 -g3 -DDEBUG -DUSE_HAL_DRIVER -DSTM32G031xx -c -I../Core/Inc -I../Drivers/STM32G0xx_HAL_Driver/Inc -I../Drivers/STM32G0xx_HAL_Driver/Inc/Legacy -I../Drivers/CMSIS/Device/ST/STM32G0xx/Include -I../Drivers/CMSIS/Include -O0 -ffunction-sections -fdata-sections -Wall -fstack-usage -MMD -MP -MF"Core/Src/main.d" -MT"Core/Src/main.o" --specs=nano.specs -mfloat-abi=soft -mthumb -o "Core/Src/main.o"
arm-none-eabi-gcc -o "EXTERNAL_LED_BLINK.elf" @"objects.list"   -mcpu=cortex-m0plus -T"C:\Users\esra\Desktop\STM32G031K8-EXAMPLES\EXTERNAL_LED_BLINK\STM32G031K8TX_FLASH.ld" --specs=nosys.specs -Wl,-Map="EXTERNAL_LED_BLINK.map" -Wl,--gc-sections -static --specs=nano.specs -mfloat-abi=soft -mthumb -Wl,--start-group -lc -lm -Wl,--end-group
Finished building target: EXTERNAL_LED_BLINK.elf
 
arm-none-eabi-size   EXTERNAL_LED_BLINK.elf 
arm-none-eabi-objdump -h -S  EXTERNAL_LED_BLINK.elf  > "EXTERNAL_LED_BLINK.list"
arm-none-eabi-objcopy  -O binary  EXTERNAL_LED_BLINK.elf  "EXTERNAL_LED_BLINK.bin"
   text	   data	    bss	    dec	    hex	filename
    700	     12	   1572	   2284	    8ec	EXTERNAL_LED_BLINK.elf
Finished building: default.size.stdout
 
Finished building: EXTERNAL_LED_BLINK.bin
Finished building: EXTERNAL_LED_BLINK.list
 
 

12:53:58 Build Finished. 0 errors, 0 warnings. (took 2s.963ms)

