14:52:20 **** Incremental Build of configuration Debug for project KEYPAD_EXTERNAL_INTERRUPTS ****
make -j8 all 
arm-none-eabi-gcc "../Core/Src/main.c" -mcpu=cortex-m0plus -std=gnu11 -g3 -DDEBUG -DUSE_HAL_DRIVER -DSTM32G031xx -c -I../Core/Inc -I../Drivers/STM32G0xx_HAL_Driver/Inc -I../Drivers/STM32G0xx_HAL_Driver/Inc/Legacy -I../Drivers/CMSIS/Device/ST/STM32G0xx/Include -I../Drivers/CMSIS/Include -O0 -ffunction-sections -fdata-sections -Wall -fstack-usage -MMD -MP -MF"Core/Src/main.d" -MT"Core/Src/main.o" --specs=nano.specs -mfloat-abi=soft -mthumb -o "Core/Src/main.o"
arm-none-eabi-gcc -o "KEYPAD_EXTERNAL_INTERRUPTS.elf" @"objects.list"   -mcpu=cortex-m0plus -T"C:\Users\esra\Desktop\STM32G031K8-EXAMPLES\KEYPAD_EXTERNAL_INTERRUPTS\STM32G031K8TX_FLASH.ld" --specs=nosys.specs -Wl,-Map="KEYPAD_EXTERNAL_INTERRUPTS.map" -Wl,--gc-sections -static --specs=nano.specs -mfloat-abi=soft -mthumb -Wl,--start-group -lc -lm -Wl,--end-group
Finished building target: KEYPAD_EXTERNAL_INTERRUPTS.elf
 
arm-none-eabi-size   KEYPAD_EXTERNAL_INTERRUPTS.elf 
arm-none-eabi-objdump -h -S  KEYPAD_EXTERNAL_INTERRUPTS.elf  > "KEYPAD_EXTERNAL_INTERRUPTS.list"
arm-none-eabi-objcopy  -O binary  KEYPAD_EXTERNAL_INTERRUPTS.elf  "KEYPAD_EXTERNAL_INTERRUPTS.bin"
   text	   data	    bss	    dec	    hex	filename
   3372	     12	   1572	   4956	   135c	KEYPAD_EXTERNAL_INTERRUPTS.elf
Finished building: default.size.stdout
 
Finished building: KEYPAD_EXTERNAL_INTERRUPTS.bin
Finished building: KEYPAD_EXTERNAL_INTERRUPTS.list
 
 

14:52:22 Build Finished. 0 errors, 0 warnings. (took 2s.138ms)

