15:57:32 **** Incremental Build of configuration Debug for project PR2 ****
make -j8 all 
arm-none-eabi-gcc "../Core/Src/lc512driver.c" -mcpu=cortex-m0plus -std=gnu11 -g3 -DDEBUG -DUSE_HAL_DRIVER -DSTM32G031xx -c -I../Core/Inc -I../Drivers/STM32G0xx_HAL_Driver/Inc -I../Drivers/STM32G0xx_HAL_Driver/Inc/Legacy -I../Drivers/CMSIS/Device/ST/STM32G0xx/Include -I../Drivers/CMSIS/Include -O0 -ffunction-sections -fdata-sections -Wall -fstack-usage -MMD -MP -MF"Core/Src/lc512driver.d" -MT"Core/Src/lc512driver.o" --specs=nano.specs -mfloat-abi=soft -mthumb -o "Core/Src/lc512driver.o"
arm-none-eabi-gcc "../Core/Src/main.c" -mcpu=cortex-m0plus -std=gnu11 -g3 -DDEBUG -DUSE_HAL_DRIVER -DSTM32G031xx -c -I../Core/Inc -I../Drivers/STM32G0xx_HAL_Driver/Inc -I../Drivers/STM32G0xx_HAL_Driver/Inc/Legacy -I../Drivers/CMSIS/Device/ST/STM32G0xx/Include -I../Drivers/CMSIS/Include -O0 -ffunction-sections -fdata-sections -Wall -fstack-usage -MMD -MP -MF"Core/Src/main.d" -MT"Core/Src/main.o" --specs=nano.specs -mfloat-abi=soft -mthumb -o "Core/Src/main.o"
arm-none-eabi-gcc -o "PR2.elf" @"objects.list"   -mcpu=cortex-m0plus -T"C:\Users\esra\Desktop\STM32G031K8-EXAMPLES\PR2\STM32G031K8TX_FLASH.ld" --specs=nosys.specs -Wl,-Map="PR2.map" -Wl,--gc-sections -static --specs=nano.specs -mfloat-abi=soft -mthumb -Wl,--start-group -lc -lm -Wl,--end-group
Finished building target: PR2.elf
 
arm-none-eabi-size   PR2.elf 
arm-none-eabi-objdump -h -S  PR2.elf  > "PR2.list"
arm-none-eabi-objcopy  -O binary  PR2.elf  "PR2.bin"
   text	   data	    bss	    dec	    hex	filename
   8116	    116	   1644	   9876	   2694	PR2.elf
Finished building: default.size.stdout
 
Finished building: PR2.bin
 
Finished building: PR2.list
 

15:57:33 Build Finished. 0 errors, 0 warnings. (took 1s.295ms)

