14:37:55 **** Incremental Build of configuration Debug for project STATE_MACHINE_BLINK_THE_EXTERNAL_LED ****
make -j8 all 
arm-none-eabi-gcc "../Core/Src/main.c" -mcpu=cortex-m0plus -std=gnu11 -g3 -DDEBUG -DUSE_HAL_DRIVER -DSTM32G031xx -c -I../Core/Inc -I../Drivers/STM32G0xx_HAL_Driver/Inc -I../Drivers/STM32G0xx_HAL_Driver/Inc/Legacy -I../Drivers/CMSIS/Device/ST/STM32G0xx/Include -I../Drivers/CMSIS/Include -O0 -ffunction-sections -fdata-sections -Wall -fstack-usage -MMD -MP -MF"Core/Src/main.d" -MT"Core/Src/main.o" --specs=nano.specs -mfloat-abi=soft -mthumb -o "Core/Src/main.o"
arm-none-eabi-gcc -o "STATE_MACHINE_BLINK_THE_EXTERNAL_LED.elf" @"objects.list"   -mcpu=cortex-m0plus -T"C:\Users\esra\Desktop\STM32G031K8-EXAMPLES\STATE_MACHINE_BLINK_THE_EXTERNAL_LED\STM32G031K8TX_FLASH.ld" --specs=nosys.specs -Wl,-Map="STATE_MACHINE_BLINK_THE_EXTERNAL_LED.map" -Wl,--gc-sections -static --specs=nano.specs -mfloat-abi=soft -mthumb -Wl,--start-group -lc -lm -Wl,--end-group
Finished building target: STATE_MACHINE_BLINK_THE_EXTERNAL_LED.elf
 
arm-none-eabi-size   STATE_MACHINE_BLINK_THE_EXTERNAL_LED.elf 
arm-none-eabi-objdump -h -S  STATE_MACHINE_BLINK_THE_EXTERNAL_LED.elf  > "STATE_MACHINE_BLINK_THE_EXTERNAL_LED.list"
arm-none-eabi-objcopy  -O binary  STATE_MACHINE_BLINK_THE_EXTERNAL_LED.elf  "STATE_MACHINE_BLINK_THE_EXTERNAL_LED.bin"
   text	   data	    bss	    dec	    hex	filename
   1220	     12	   1572	   2804	    af4	STATE_MACHINE_BLINK_THE_EXTERNAL_LED.elf
Finished building: default.size.stdout
 
Finished building: STATE_MACHINE_BLINK_THE_EXTERNAL_LED.bin
Finished building: STATE_MACHINE_BLINK_THE_EXTERNAL_LED.list
 
 

14:37:58 Build Finished. 0 errors, 0 warnings. (took 2s.241ms)

